Ainulindale: Unknown command line argument 'Exflation\phonon-exflation-sim\.venv312\Lib\site-packages\_rocm_sdk_core\lib\llvm\bin\offload-arch.exe'.  Try: 'C:\sandbox\Ainulindale --help'
[env] python=3.12.10 torch=2.9.1+rocmsdk20260116 device=cuda:0 OMP=8
[plan] 29 sectors across levels (13, 14): [(6, 7), (7, 6), (5, 8), (8, 5), (4, 9), (9, 4), (3, 10), (10, 3), (2, 11), (11, 2), (1, 12), (12, 1), (0, 13), (13, 0), (7, 7), (6, 8), (8, 6), (5, 9), (9, 5), (4, 10), (10, 4), (3, 11), (11, 3), (2, 12), (12, 2), (1, 13), (13, 1), (0, 14), (14, 0)]
[1/29] building (6,7) lvl=13 dim=420 Dsize=6720 ...
    (6,7) done dim=420 build+eigvalsh=11.7s |lam|=[3.7183,5.5112] iD_herm_err=3.6e-16 elapsed_total=11.7s
[2/29] building (7,6) lvl=13 dim=420 Dsize=6720 ...
    (7,6) done dim=420 build+eigvalsh=12.0s |lam|=[3.7183,5.5112] iD_herm_err=3.6e-16 elapsed_total=23.8s
[3/29] building (5,8) lvl=13 dim=405 Dsize=6480 ...
    (5,8) done dim=405 build+eigvalsh=10.4s |lam|=[3.7226,5.5249] iD_herm_err=4.3e-16 elapsed_total=34.1s
[4/29] building (8,5) lvl=13 dim=405 Dsize=6480 ...
    (8,5) done dim=405 build+eigvalsh=10.7s |lam|=[3.7226,5.5249] iD_herm_err=4.3e-16 elapsed_total=44.9s
[5/29] building (4,9) lvl=13 dim=375 Dsize=6000 ...
    (4,9) done dim=375 build+eigvalsh=9.0s |lam|=[3.7085,5.5524] iD_herm_err=1.0e-15 elapsed_total=53.8s
[6/29] building (9,4) lvl=13 dim=375 Dsize=6000 ...
    (9,4) done dim=375 build+eigvalsh=9.1s |lam|=[3.7085,5.5524] iD_herm_err=1.0e-15 elapsed_total=62.9s
[7/29] building (3,10) lvl=13 dim=330 Dsize=5280 ...
    (3,10) done dim=330 build+eigvalsh=6.6s |lam|=[3.7057,5.5933] iD_herm_err=4.0e-16 elapsed_total=69.6s
[8/29] building (10,3) lvl=13 dim=330 Dsize=5280 ...
    (10,3) done dim=330 build+eigvalsh=6.3s |lam|=[3.7057,5.5933] iD_herm_err=4.0e-16 elapsed_total=75.8s
[9/29] building (2,11) lvl=13 dim=270 Dsize=4320 ...
    (2,11) done dim=270 build+eigvalsh=4.0s |lam|=[3.7407,5.6474] iD_herm_err=7.1e-16 elapsed_total=79.8s
[10/29] building (11,2) lvl=13 dim=270 Dsize=4320 ...
    (11,2) done dim=270 build+eigvalsh=4.2s |lam|=[3.7407,5.6474] iD_herm_err=7.1e-16 elapsed_total=84.1s
[11/29] building (1,12) lvl=13 dim=195 Dsize=3120 ...
    (1,12) done dim=195 build+eigvalsh=1.9s |lam|=[3.8124,5.7142] iD_herm_err=8.9e-16 elapsed_total=86.0s
[12/29] building (12,1) lvl=13 dim=195 Dsize=3120 ...
    (12,1) done dim=195 build+eigvalsh=1.9s |lam|=[3.8124,5.7142] iD_herm_err=8.9e-16 elapsed_total=87.9s
[13/29] building (0,13) lvl=13 dim=105 Dsize=1680 ...
