================================================================================
MULTI-CELL-PLANCHEREL-74: R-G Integrability on 10 PW Irreps at L_max=3
S74 | kitaev-quantum-chaos-theorist
================================================================================

  L_MAX = 3, n_sectors = 10
  (p,q):     [(0, 0), (1, 0), (0, 1), (1, 1), (2, 0), (0, 2), (2, 1), (1, 2), (3, 0), (0, 3)]
  dim(p,q):  [1, 3, 3, 8, 6, 6, 15, 15, 10, 10]
  dim(p,q)^2: [1, 9, 9, 64, 36, 36, 225, 225, 100, 100]
  Sum of dim(p,q)^2 = 805 (Peter-Weyl truncation dimension)

================================================================================
2. JENSEN-DRESSED D_K SPECTRUM PER PW IRREP (tau = tau_fold)
================================================================================
  Clifford algebra residual: 0.00e+00
  (0,0): dim= 1, n_pos=   8, omega in [0.8197, 0.9714], n_distinct=3
  (1,0): dim= 3, n_pos=  24, omega in [0.8359, 1.3277], n_distinct=11
  (0,1): dim= 3, n_pos=  24, omega in [0.8359, 1.3277], n_distinct=11
  (1,1): dim= 8, n_pos=  64, omega in [0.8730, 1.6696], n_distinct=18
  (2,0): dim= 6, n_pos=  48, omega in [0.9722, 1.6922], n_distinct=19
  (0,2): dim= 6, n_pos=  48, omega in [0.9722, 1.6922], n_distinct=19
  (2,1): dim=15, n_pos= 120, omega in [1.1238, 2.0233], n_distinct=42
  (1,2): dim=15, n_pos= 120, omega in [1.1238, 2.0233], n_distinct=42
  (3,0): dim=10, n_pos=  80, omega in [1.2483, 2.0606], n_distinct=27
  (0,3): dim=10, n_pos=  80, omega in [1.2483, 2.0606], n_distinct=27

================================================================================
3. PLANCHEREL-WEIGHTED THERMAL FILLING (N_pair = 60)
================================================================================
  N_pair_total = 60
  T_GGE = T_acoustic = 0.112 M_KK (canonical)
  V_pair = J_C2 = 0.933 M_KK (canonical)
  Total modes (Plancherel) = 805
  Filling fraction = 0.0745

  (p,q)     dim^2   omega_min   N (float)   N (int)   filling
  (0, 0)        1      0.8197      0.5505         1    1.0000
  (1, 0)        9      0.8359      4.2892         4    0.4444
  (0, 1)        9      0.8359      4.2892         5    0.5556
  (1, 1)       64      0.8730     21.9043        22    0.3438
  (2, 0)       36      0.9722      5.0783         5    0.1389
  (0, 2)       36      0.9722      5.0783         5    0.1389
  (2, 1)      225      1.1238      8.2052         8    0.0356
  (1, 2)      225      1.1238      8.2052         8    0.0356
  (3, 0)      100      1.2483      1.1998         1    0.0100
  (0, 3)      100      1.2483      1.1998         1    0.0100
  Total N_pair = 60

================================================================================
4. BCS PAIR HAMILTONIAN PER SECTOR -- r-ratio LEVEL STATISTICS
================================================================================

  (p,q)     dim  n_dist  n_pos     r_raw    r_uniq    r_pair  N_pair_sector
  (0, 0)      1       3      8    0.2018    0.2018    0.0669              1
  (1, 0)      3      11     24    0.3971    0.3971    0.4138              4
  (0, 1)      3      11     24    0.3971    0.3971    0.4138              5
  (1, 1)      8      18     64    0.3844    0.3844    0.5771             22
  (2, 0)      6      19     48    0.5499    0.5499    0.6803              5
  (0, 2)      6      19     48    0.5499    0.5499    0.6803              5
  (2, 1)     15      42    120    0.3638    0.3638    0.5676              8
  (1, 2)     15      42    120    0.3638    0.3638    0.5676              8
  (3, 0)     10      27     80    0.6347    0.6347    0.7135              1
  (0, 3)     10      27     80    0.6347    0.6347    0.7135              1

================================================================================
5. AGGREGATE <r> (Plancherel-weighted)
================================================================================

  Per-sector Plancherel-weighted averages:
    <r>_raw  (with mult) = 0.4499 +/- 0.1183
    <r>_uniq (distinct)  = 0.4499 +/- 0.1183
    <r>_pair (rank-1 BCS)= 0.6106 +/- 0.0736

  Cross-sector POOLED distinct Dirac spectrum (PRIMARY):
    n_distinct_global    = 120
    r_pooled_global      = 0.4220 +/- 0.2733 (118 ratios)
    r_pooled_sectorwise  = 0.4220 +/- 0.2733 (118 ratios)

  Reference values: Poisson=0.386, GOE=0.536, GUE=0.603

================================================================================
6. CROSS-CHECKS
================================================================================

  CHK1 (trivial (0,0)): dim^2=1, r undefined (expected), excluded from average.
  CHK2 (W3-B cross-check):
    W3-B <r>_overall   = 0.4044 +/- 0.0015 (PASS)
    W1-N r_pooled_glob = 0.4220 +/- 0.2733
    W1-N <r>_uniq_pl   = 0.4499 +/- 0.1183
    W1-N filling       = 0.0745 (13.4 modes/pair)
    W3-B filling       = 0.1250 (8 modes/pair)
    Dilution ratio     = 1.68x (W1-N more dilute)
    Integrability margin = r_W3B - r_pooled_glob = -0.0176
    => W1-N has SMALLER integrability margin than W3-B

  CHK3 (weighted vs unweighted per-sector aggregate):
    Plancherel-weighted <r>_uniq = 0.4499
    Unweighted per-sector mean   = 0.4477
    Difference                   = 0.0022

  CHK4 (rank-1 BCS structure):
    H_pair for (1,1) is symmetric and = diag(2*eps_i + V_pair) + V_pair*|1><1|.
    N_distinct = 18, V_pair = 0.933 M_KK, collective shift ~16.794 M_KK.

  CHK5 (uniform-eps rank-1 limit, N=1):
    Unique eigenvalues: [0.]
    Expected: [2.0, 2.933]
    Degeneracy of ground: 0 (expected 0)
    Manual 10-dim rank-1 test: unique = [ 2.   11.33], expected [2.0, 11.33]

================================================================================
7. GATE VERDICT: MULTI-CELL-PLANCHEREL-74
================================================================================

  Pre-registered: PASS if r_pooled_distinct < 0.45 (integrable).
                  INFO if in [0.45, 0.50]. FAIL if > 0.50.

  Primary statistic (pooled globally-distinct D_K spectrum):
    r_pooled_global    = 0.4220 +/- 0.2733 (n_ratios = 118)
    r_pooled_sectorwise= 0.4220 +/- 0.2733 (n_ratios = 118)

  Plancherel-weighted per-sector averages:
    <r>_uniq (Plancherel) = 0.4499 +/- 0.1183
    <r>_raw  (Plancherel) = 0.4499 +/- 0.1183

  Gate verdict: PASS
  Detail:       pooled r = 0.4220 < 0.45 across 118 ratios on pooled distinct spectrum. R-G integrability holds on L^2(SU(3))_L<=3 at fold.

================================================================================
8. PLOTTING
================================================================================
  Plot saved: C:\sandbox\Ainulindale Exflation\tier0-computation\s74_multi_cell_plancherel.png

================================================================================
9. SAVING DATA
================================================================================
  Data saved: C:\sandbox\Ainulindale Exflation\tier0-computation\s74_multi_cell_plancherel.npz

================================================================================
  TOTAL RUNTIME: 0.27s
  VERDICT: PASS
================================================================================
