S84 W2a-11 Three-Layer Regulator Theorem Landing -- LOG
UTC timestamp: 2026-04-19T13:03:46.080689+00:00

Input pins (ordered):
  s83_verdicts.sha256            = 7bebad7da7c57b4d2706fd4e123cfbb762fa63c0244e143d597068fb7a574fb4
  registry.pre_edit.sha256       = cb86835eeca6c27990273725de285105ee211bb8021ad45b4ad57553c60ac2f5
  anchor.W1_G1.sha256            = 227a591307f88d2cfdb1c505c6ab4a040f873db4656116c5948ae7ba3c96dcdd
  anchor.W1_G3.sha256            = 2343920a4c2a807a26bb9740ad6ede1c9d3465bb722d548dbefa978578c99ab5
  anchor.G57.sha256              = fcfbc362651e3f57137a90dd703a501d645ef87b99f8d250e92c6984bf6ccd68
  anchor.G58.sha256              = b941613aa8ae91fcebf4ecadb0da74ad37d9382c7cbd2413a14f9b91729d24f2

Machinery pins (PRDR):
  L_max        = 5
  scheme       = VII.M
  convention   = three-layer
  tau_fold     = 0.19
  random_seed  = None
  GPU path     = not-required

Slot inspection:
  §VII letters present: ['J', 'K', 'L', 'M']
  §VII.M occupied:      True
  §VII.M occupant:      Event-driven pre-registrations (S84+)
  target_letter:        §VII.N

Outputs:
  landing_block_sha      = 7eee0c9ceac19f5919cb172fc7377e865e5ec3b0b9a0aa8f0988310311787112
  closure_sha            = cf3b7443be010558592cf7d278d7639de7293728f60b9740daa8caa4f664db42
  collision_note         = §VII.M occupied by: Event-driven pre-registrations (S84+) (DR3-RESPONSE-PROTOCOL, S84 W1b-9, 2026-04-19); landing routed to §VII.N

Verdict disposition: FAIL

S84-VII-M-LANDING: FAIL -- value=7eee0c9ceac19f59 scheme=VII.M convention=three-layer L_max=5 sha256=cf3b7443be010558592cf7d278d7639de7293728f60b9740daa8caa4f664db42
