S84-LAYER-ORDERING-FALSIFIER — Detailed Log
========================================================================

Gate verdict: PASS
Inversion count: 0


F1_HP4: KO=0, d_real=16, N=16
  L1 verdict: zeta
  L1 details: d_prime_fit=4.4979, R^2=0.782055
  L2 verdict: none
  L2 per-regulator details:
    zeta: i=True, ii=True, chi=0.0000 iii=False, all_pass=False
    Zubarev: i=True, ii=False, chi=0.0842 iii=False, all_pass=False
    SDW: i=True, ii=False, chi=-0.4340 iii=False, all_pass=False
    dim-reg: i=True, ii=True, chi=0.0000 iii=False, all_pass=False
    lattice-BR: i=True, ii=False, chi=137.0197 iii=True, all_pass=False
  inversion: False

F2_Spin8: KO=6, d_real=14, N=112
  L1 verdict: zeta
  L1 details: d_prime_fit=1.3833, R^2=0.576290
  L2 verdict: none
  L2 per-regulator details:
    zeta: i=True, ii=True, chi=0.0000 iii=False, all_pass=False
    Zubarev: i=True, ii=False, chi=0.3391 iii=True, all_pass=False
    SDW: i=True, ii=False, chi=0.2286 iii=True, all_pass=False
    dim-reg: i=True, ii=True, chi=0.0000 iii=False, all_pass=False
    lattice-BR: i=True, ii=False, chi=12.5426 iii=True, all_pass=False
  inversion: False

F3_T4: KO=4, d_real=4, N=512
  L1 verdict: zeta
  L1 details: d_prime_fit=4.1426, R^2=0.895473
  L2 verdict: none
  L2 per-regulator details:
    zeta: i=True, ii=True, chi=0.0000 iii=False, all_pass=False
    Zubarev: i=True, ii=False, chi=0.0755 iii=False, all_pass=False
    SDW: i=True, ii=False, chi=-0.3894 iii=False, all_pass=False
    dim-reg: i=True, ii=True, chi=0.0000 iii=False, all_pass=False
    lattice-BR: i=True, ii=False, chi=-7.2232 iii=False, all_pass=False
  inversion: False

F4_T8: KO=0, d_real=8, N=256
  L1 verdict: zeta
  L1 details: d_prime_fit=6.6312, R^2=0.627280
  L2 verdict: none
  L2 per-regulator details:
    zeta: i=True, ii=True, chi=0.0000 iii=False, all_pass=False
    Zubarev: i=True, ii=False, chi=-0.1848 iii=False, all_pass=False
    SDW: i=True, ii=False, chi=-0.6378 iii=False, all_pass=False
    dim-reg: i=True, ii=True, chi=0.0000 iii=False, all_pass=False
    lattice-BR: i=True, ii=False, chi=373.1984 iii=True, all_pass=False
  inversion: False

CC1 (F1 KO=0 vs F4 KO=0): PASS
CC2 (T^4 Zubarev prediction): FAIL
CC3 (Spin(8) triality): PASS (by-construction)
