Ainulindale: Unknown command line argument 'Exflation\phonon-exflation-sim\.venv312\Lib\site-packages\_rocm_sdk_core\lib\llvm\bin\offload-arch.exe'.  Try: 'C:\sandbox\Ainulindale --help'
[INPUT-PIN] canonical_constants.py sha256=ef6243dba5784ba91083ee3980ce8b2867ad58c96eeb76cb02b811705ffac1d0
[INPUT-PIN] inv12_w3_1_relic_spectrum_ode_lock.npz sha256=323f1c74a9fc8bbc03b838510e157e32d7cba861ef2524400bbff3b7f6718754
[INPUT-PIN] script sha256=681d6fb2f19ac77a11c366d55ca67fadaa7f84821b645001353fb393f6030502
[PIN] tau_fold=0.19  M_KK=7.428660e+16  Delta_BCS=0.4642547395
[PIN] n_pairs(S38 canonical)=59.8
[ENV] torch_gpu=True
[W3-1] N_pair_eff(locked,L_band=7)=5.489098  Sum mult*|beta|^2=5.489098  N_trunc_rel=0.3779
[L=8 FULL-TRAJ] n_sectors=45  eta_form(FTC)=-1.465494e-13  eta_form(int)=-1.465494e-13  mode_mix=759.837520  signed_sum(fold)=-1.390e-12  (219.8s)
[L=10 CACHE-SAT] n_sectors=65  n_modes=78080  eta_form=0.000000e+00 (Level-1 identity =0 by BDI +/- symmetry; |lambda|_max=4.6702)
[L=12 CACHE-SAT] n_sectors=90  n_modes=166896  eta_form=0.000000e+00 (Level-1 identity =0 by BDI +/- symmetry; |lambda|_max=5.4189)

[FAMILIES-OBJECT-1: Bismut-Cheeger eta-form] eta_form(L8 full)=-1.465494e-13  eta_form(L12 cache-sat)=0.000000e+00  (STRUCTURAL ZERO: BDI +/- symmetry + sf=0 => no non-integer families-index remainder)
[FAMILIES-OBJECT-2: unsigned mode-mixing]   mode_mix(L8 full)=759.837520  (the pair-production-type content; DISTINCT functional)
[BDI WITNESS] signed_sum(fold) by L: {8: -1.389777182225771e-12, 10: 0.0, 12: 0.0}
[SIGN-EQUALITY] |eta_form - n_pairs(59.8)|/59.8 = 1.000000  (PASS band 0.05) -> equality FALSIFIED (eta-form != pair count)
[LEVEL-1] eta-form = 0 cohomology identity: True
[LEVEL-2] binding L^-alpha continuum image to 59.8: False (eta-form is identically 0 at every L: L8-full=-1.47e-13, L10/L12 cache-sat=0 by BDI +/- symmetry -> STRUCTURAL FLOOR, not L^-alpha envelope)
[VERDICT-3TUPLE] sign=FAIL magnitude=FAIL regime=VALID
[COMPOSITE] INFO  (plan INFO fork: bridge-map class exists as Level-1 ZERO; slot REGISTRY-INCOMPLETE-PENDING-OPERATIONAL-ALIGNMENT)
[PLOT] C:\sandbox\Ainulindale Exflation\computations\investigation-12\inv12_w2_5_fwd_c1_bismut_cheeger_eta.png
[DATA] C:\sandbox\Ainulindale Exflation\computations\investigation-12\inv12_w2_5_fwd_c1_bismut_cheeger_eta.npz

======================================================================
VERDICT-PAYLOAD (for emit_verdict, track=investigation):
{
  "session": 12,
  "track": "investigation",
  "gate_id": "INV12-W2-5-FWD-C1-BISMUT-CHEEGER-ETA",
  "verdict": "INFO",
  "value": "eta_form_L8full=-1.465e-13;eta_form_L12cachesat=0.000e+00;structural_ZERO=True;mode_mix_L8_unsigned=759.8375;match_vs_n_pairs59.8=1.0000;band=0.05;N_pair_eff_w31=5.4891;N_trunc_rel=0.3779;L1_eta_form_zero_cohomology_identity=True;L2_binding=False;FWD-C1_new_bridge_class=adiabatic-limit-eta-form;L10_L12_cache_saturation_per_Casimir_feasibility;slot=REGISTRY-INCOMPLETE-PENDING-OPERATIONAL-ALIGNMENT",
  "scheme": "Bismut-Cheeger-adiabatic-eta",
  "convention": "RATIO-Bismut-Cheeger",
  "l_max": "12",
  "audit_sha256": "934b66e4e694921231ed451e55d00f14e8489987e915f8016ab120dd7cc9c106",
  "content_sha256": "681d6fb2f19ac77a11c366d55ca67fadaa7f84821b645001353fb393f6030502",
  "sign_verdict": "FAIL",
  "magnitude_verdict": "FAIL",
  "regime_verdict": "VALID"
}

INV12-W2-5-FWD-C1-BISMUT-CHEEGER-ETA: INFO -- value='eta_form_L8full=-1.465e-13;eta_form_L12cachesat=0.000e+00;structural_ZERO=True;mode_mix_L8_unsigned=759.8375;match_vs_n_pairs59.8=1.0000;band=0.05;N_pair_eff_w31=5.4891;N_trunc_rel=0.3779;L1_eta_form_zero_cohomology_identity=True;L2_binding=False;FWD-C1_new_bridge_class=adiabatic-limit-eta-form;L10_L12_cache_saturation_per_Casimir_feasibility;slot=REGISTRY-INCOMPLETE-PENDING-OPERATIONAL-ALIGNMENT' scheme=Bismut-Cheeger-adiabatic-eta convention=RATIO-Bismut-Cheeger L_max=12 audit_sha256=934b66e4e694921231ed451e55d00f14e8489987e915f8016ab120dd7cc9c106 content_sha256=681d6fb2f19ac77a11c366d55ca67fadaa7f84821b645001353fb393f6030502 schema_version=S84+
# sign_verdict=FAIL magnitude_verdict=FAIL regime_verdict=VALID # INV12-W2-5-FWD-C1-BISMUT-CHEEGER-ETA 3-tuple annotation (schema-v2)
[TIMING] total 220.6s
