Ainulindale: Unknown command line argument 'Exflation\phonon-exflation-sim\.venv312\Lib\site-packages\_rocm_sdk_core\lib\llvm\bin\offload-arch.exe'.  Try: 'C:\sandbox\Ainulindale --help'
=== CF-S114-YUK-RIGHTREG-CONNECTION — input SHA-256 pins ===
  computations/_shared/dirac_spectrum.py: dadba674e950fad9...
  computations/_shared/canonical_constants.py: a4b8b679442de533...
  sessions/session-113/workshops/ws-s113-7-yukshape/ws-s113-7-yukshape-verdict.md: 5cd77110ea2d2198...
  audit_sha256:   e392b832483e8f75... (script+canonical+pinmap)
  content_sha256: f750621be86b3785... (script only)
  torch GPU: True


--- building su(3) infrastructure (left-regular machinery) ---
  A_K spinor generating set: 14 ops (ℂ:1 ⊕ ℍ:4 ⊕ M₃(ℂ):9)
  sectors with p+q<=L_max=10: 65 (excl. trivial)

--- (i) left/G-invariance commutator [L_g, Y_R] ---
  max ‖[L_g, Y_R]‖_F over rep sectors x 8 generators = 7.252e-17

--- (ii) sign-changing per-generation right-Cartan eigenvalue pattern ---
  c=H3_only            eig_t(repr)=[-1.0000, -0.5000, -0.5000]  signs=[-1, -1, -1]  sign_flip=False
  c=H8_only            eig_t(repr)=[-0.8660, +0.5774, -0.5774]  signs=[-1, 1, -1]  sign_flip=True
  c=H3+H8              eig_t(repr)=[-1.3660, -0.7887, +0.7887]  signs=[-1, -1, 1]  sign_flip=True
  c=H3-H8              eig_t(repr)=[-1.3660, +0.7887, -0.7887]  signs=[-1, 1, -1]  sign_flip=True
  c=hypercharge-like   eig_t(repr)=[-1.0000, -0.5000, -0.5000]  signs=[-1, -1, -1]  sign_flip=False
  c=H3+2H8             eig_t(repr)=[-2.2321, +1.1547, -1.1547]  signs=[-1, 1, -1]  sign_flip=True

--- (iii) BDI reality + diagonal-J-lock character ---
  Cartan Y_R is generation-DIAGONAL (center-neutral t(O)=0): connects each t-class to itself, does NOT evade the diagonal J-lock.

--- (iv) LOAD-BEARING membership residual ‖Y_R − P_Ω¹(Y_R)‖/‖Y_R‖ ---
  [xcheck] QR-proj: in-span resid=7.35e-16 (≈0 expected); generic resid QR=0.925967 vs numpy-lstsq=0.925967; agree=True
  sector (1,1) [t=0] leg_dim=8 full_dim=1024: residual_iv = 1.000000e+00  (Tr R_H_leg=0.00e+00; POS-CONTROL Ω¹-form residual = 1.01e-14 [≈0 expected])
  sector (1,0) [t=1] leg_dim=3 full_dim=144: residual_iv = 1.000000e+00  (Tr R_H_leg=1.11e-16; POS-CONTROL Ω¹-form residual = 1.04e-15 [≈0 expected])
  sector (0,1) [t=2] leg_dim=3 full_dim=144: residual_iv = 1.000000e+00  (Tr R_H_leg=-1.11e-16; POS-CONTROL Ω¹-form residual = 1.76e-15 [≈0 expected])
  POSITIVE-CONTROL check: max Ω¹-form residual = 1.01e-14 (PASS — test discriminates)
  data -> computations\session-114\s114_yuk_rightreg_connection.npz
  plot -> computations\session-114\s114_yuk_rightreg_connection.png

(value='reading=conv-dependent;verdict_basis=comm_i=7.25e-17(PASS);sign_flip_any=True(4/6_Cartan_dirs);gen_diagonal=True(iii_offdiag_evasion=False);residual_iv_min=1.000e+00;residual_iv_max=1.000e+00;r_ext_ceiling=1e-09;r_int_floor=1e-03;is_external=False;is_internal_candidate=True;posterior=priors UNCHANGED (route to representation-pinning workshop)', scheme=FW, convention=RIGHT-REGULAR-SU3R-MULTIPLICITY-LEG, L_max=10)
<<<EMIT_VERDICT_PAYLOAD>>>
{"audit_sha256":"e392b832483e8f75c6cbd87086c3a10bfb19f3d242ba9f873de3a9434997d49b","companion_note":"D4 decider: reading=conv-dependent; residual_iv_min=1.000e+00","content_sha256":"f750621be86b3785093fe592c3cf016044b7f9bcfb9cb1d89be44da239314102","convention":"RIGHT-REGULAR-SU3R-MULTIPLICITY-LEG","gate_id":"CF-S114-YUK-RIGHTREG-CONNECTION","l_max":"10","magnitude_verdict":"INFO","regime_verdict":"VALID","schema_version":"S84+","scheme":"FW","session":114,"sign_verdict":"PASS","value":"reading=conv-dependent;verdict_basis=comm_i=7.25e-17(PASS);sign_flip_any=True(4/6_Cartan_dirs);gen_diagonal=True(iii_offdiag_evasion=False);residual_iv_min=1.000e+00;residual_iv_max=1.000e+00;r_ext_ceiling=1e-09;r_int_floor=1e-03;is_external=False;is_internal_candidate=True;posterior=priors UNCHANGED (route to representation-pinning workshop)","verdict":"INFO"}
<<<END_EMIT_VERDICT_PAYLOAD>>>

=== CF-S114-YUK-RIGHTREG-CONNECTION: INFO (conv-dependent) (wall 54.4s) ===
