Reading tier0_review_tier1_report.json ...
  narrow_live_set entries: 181

=== Cluster sizes ===
  spectral    :   17
  bcs         :   26
  ncg         :   10
  kk          :   18
  transit     :    6
  cosmo       :    7
  generalist  :   97
  TOTAL       :  181

=== Grade per cluster ===
  spectral    : NEEDS-CANONICAL-MIGRATION:16 | STATIC-LINT-HEAVY:1
  bcs         : NEEDS-CANONICAL-MIGRATION:23 | STATIC-LINT-HEAVY:3
  ncg         : NEEDS-CANONICAL-MIGRATION:10
  kk          : NEEDS-CANONICAL-MIGRATION:15 | STATIC-LINT-HEAVY:3
  transit     : NEEDS-CANONICAL-MIGRATION:6
  cosmo       : NEEDS-CANONICAL-MIGRATION:6 | STATIC-LINT-HEAVY:1
  generalist  : NEEDS-CANONICAL-MIGRATION:90 | STATIC-LINT-HEAVY:7

Wrote tier0_review_tier2_partition.json (157 KB)
