==============================================================================
S80 W1-5: CHI-N-WARD-DUAL (rank-2 spectral-measure functional)
==============================================================================
  Canonical anchors:
    tau_fold      = 0.19
    a0_fold       = 6440.0
    a2_fold       = 2776.1653888633655
    a4_fold       = 1350.7216415169728
    g_U1_fold^2   = 4.386853768302675

  Configuration:
    L_max (max_pq_sum)    = 3
    Eigenvalue cutoff     = 0.01
    Coarse tau grid       = [0.15 0.19 0.25]
    Fine tau grid         = [0.1  0.12 0.14 0.16 0.18 0.2  0.22 0.24 0.26 0.28]
    Union grid size       = 13
    PASS threshold        = 5.0% variation
    INFO threshold        = 20.0% variation

==============================================================================
STEP 1: BUILD SU(3) INFRASTRUCTURE
==============================================================================
  8 su(3) anti-Hermitian generators, structure constants, Clifford-8 generators built.

==============================================================================
STEP 2: SWEEP TAU -- compute spectral moments a_0, a_2, a_4
==============================================================================
  [ 1/13] tau=0.1000: a0=6440.0, a2=2836.810, a4=1392.8351, n_evals=1232, dt=0.4s
  [ 2/13] tau=0.1200: a0=6440.0, a2=2826.524, a4=1385.7081, n_evals=1232, dt=0.4s
  [ 3/13] tau=0.1400: a0=6440.0, a2=2814.396, a4=1377.2940, n_evals=1232, dt=0.4s
  [ 4/13] tau=0.1500: a0=6440.0, a2=2807.648, a4=1372.6081, n_evals=1232, dt=0.4s
  [ 5/13] tau=0.1600: a0=6440.0, a2=2800.447, a4=1367.6056, n_evals=1232, dt=0.4s
  [ 6/13] tau=0.1800: a0=6440.0, a2=2784.702, a4=1356.6598, n_evals=1232, dt=0.4s
  [ 7/13] tau=0.1900: a0=6440.0, a2=2776.165, a4=1350.7216, n_evals=1232, dt=0.4s
  [ 8/13] tau=0.2000: a0=6440.0, a2=2767.191, a4=1344.4772, n_evals=1232, dt=0.4s
  [ 9/13] tau=0.2200: a0=6440.0, a2=2747.949, a4=1331.0826, n_evals=1232, dt=0.4s
  [10/13] tau=0.2400: a0=6440.0, a2=2727.013, a4=1316.5043, n_evals=1232, dt=0.4s
  [11/13] tau=0.2500: a0=6440.0, a2=2715.923, a4=1308.7812, n_evals=1232, dt=0.4s
  [12/13] tau=0.2600: a0=6440.0, a2=2704.427, a4=1300.7744, n_evals=1232, dt=0.4s
  [13/13] tau=0.2800: a0=6440.0, a2=2680.238, a4=1283.9283, n_evals=1232, dt=0.5s

  Total sweep time: 5.6s

==============================================================================
CANONICAL ANCHOR VERIFICATION (tau=0.19)
==============================================================================
  a_0 computed = 6440.000 | canonical a0_fold = 6440.000 | drift = 0.000%
  a_2 computed = 2776.165 | canonical a2_fold = 2776.165 | drift = -0.000%
  a_4 computed = 1350.722 | canonical a4_fold = 1350.722 | drift = -0.000%

==============================================================================
STEP 3: FORM chi_N(tau) = a_0(tau) - a_2(tau) + a_4(tau)
==============================================================================
  chi_N at tau_fold = 5014.5563

     tau |        a_0 |        a_2 |        a_4 |        chi_N
  --------------------------------------------------------------
  0.1000 |   6440.000 |   2836.810 |  1392.8351 |    4996.0254
  0.1200 |   6440.000 |   2826.524 |  1385.7081 |    4999.1840
  0.1400 |   6440.000 |   2814.396 |  1377.2940 |    5002.8977
  0.1500 |   6440.000 |   2807.648 |  1372.6081 |    5004.9602
  0.1600 |   6440.000 |   2800.447 |  1367.6056 |    5007.1584
  0.1800 |   6440.000 |   2784.702 |  1356.6598 |    5011.9576
  0.1900 |   6440.000 |   2776.165 |  1350.7216 |    5014.5563  <-- fold
  0.2000 |   6440.000 |   2767.191 |  1344.4772 |    5017.2861
  0.2200 |   6440.000 |   2747.949 |  1331.0826 |    5023.1341
  0.2400 |   6440.000 |   2727.013 |  1316.5043 |    5029.4914
  0.2500 |   6440.000 |   2715.923 |  1308.7812 |    5032.8577
  0.2600 |   6440.000 |   2704.427 |  1300.7744 |    5036.3473
  0.2800 |   6440.000 |   2680.238 |  1283.9283 |    5043.6908

==============================================================================
STEP 4: FORM W(tau) = g_U1(tau)^2 * sqrt(a_4/a_2)
==============================================================================
  W at tau_fold = 3.059944

     tau |     g_U1^2 |    sqrt(a4/a2) |       W(tau)
  ----------------------------------------------------
  0.1000 |     5.2520 |       0.700704 |     3.680111
  0.1200 |     5.0461 |       0.700180 |     3.533165
  0.1400 |     4.8482 |       0.699553 |     3.391590
  0.1500 |     4.7522 |       0.699201 |     3.322758
  0.1600 |     4.6581 |       0.698822 |     3.255199
  0.1800 |     4.4755 |       0.697985 |     3.123814
  0.1900 |     4.3869 |       0.697526 |     3.059944  <-- fold
  0.2000 |     4.3000 |       0.697039 |     2.997260
  0.2200 |     4.1314 |       0.695982 |     2.875370
  0.2400 |     3.9694 |       0.694812 |     2.757981
  0.2500 |     3.8908 |       0.694184 |     2.700925
  0.2600 |     3.8137 |       0.693527 |     2.644937
  0.2800 |     3.6642 |       0.692124 |     2.536086

==============================================================================
STEP 5: FORM PRODUCT Pi(tau) = chi_N(tau) * W(tau)
==============================================================================
  Pi at tau_fold = 15344.2592

==============================================================================
STEP 6: COARSE-GRID GATE TEST (tau in {0.15, 0.19, 0.25})
==============================================================================

  Coarse-grid values:
     tau |        chi_N |            W |     Pi=chi_N*W
  ----------------------------------------------------
  0.1500 |    5004.9602 |     3.322758 |     16630.2700
  0.1900 |    5014.5563 |     3.059944 |     15344.2592
  0.2500 |    5032.8577 |     2.700925 |     13593.3727

  COARSE GATE STATISTICS:
    max(Pi) = 16630.2700
    min(Pi) = 13593.3727
    mean    = 15189.3006
    variation = (max-min)/mean = 19.994%

  COARSE GATE VERDICT: INFO
    chi_N * W varies 19.994% in [5.0%, 20.0%] -- partial Ward signature

==============================================================================
STEP 7: FINE-GRID VAN-HOVE CHECK (secondary deliverable)
==============================================================================

  Fine grid [0.1  0.12 0.14 0.16 0.18 0.2  0.22 0.24 0.26 0.28]:
     tau |        chi_N |            W |           Pi
  ----------------------------------------------------
  0.1000 |    4996.0254 |     3.680111 |   18385.9279
  0.1200 |    4999.1840 |     3.533165 |   17662.9420
  0.1400 |    5002.8977 |     3.391590 |   16967.7762
  0.1600 |    5007.1584 |     3.255199 |   16299.2979
  0.1800 |    5011.9576 |     3.123814 |   15656.4224
  0.2000 |    5017.2861 |     2.997260 |   15038.1106
  0.2200 |    5023.1341 |     2.875370 |   14443.3676
  0.2400 |    5029.4914 |     2.757981 |   13871.2411
  0.2600 |    5036.3473 |     2.644937 |   13320.8197
  0.2800 |    5043.6908 |     2.536086 |   12791.2313

  Global argmax(chi_N) on fine grid: tau = 0.2800, delta_to_fold = 0.0900
  Global argmin(chi_N) on fine grid: tau = 0.1000, delta_to_fold = 0.0900
  Interior extrema: 0
  Sign changes in d(chi_N)/dtau on fine grid: 0

  Van-Hove-like concentration qualification: False
    Criterion: interior local extremum within Delta_tau <= 0.02 of tau_fold
    chi_N has NO interior extremum near tau_fold (monotone or displaced)
    SECONDARY VERDICT: chi_N DOES NOT qualify as Sec VII.I 4th functional candidate.

==============================================================================
STEP 8: SAVE OUTPUTS
==============================================================================
  Saved: C:\sandbox\Ainulindale Exflation\tier0-computation\s80_chi_N_ward_dual.npz

==============================================================================
STEP 9: PLOTS
==============================================================================
  Saved: C:\sandbox\Ainulindale Exflation\tier0-computation\s80_chi_N_ward_dual.png

==============================================================================
STEP 10: APPEND VERDICT
==============================================================================
  Appended to: C:\sandbox\Ainulindale Exflation\tier0-computation\s80_gate_verdicts.txt

[2026-04-17T11:07:12Z] S80-CHI-N-WARD-DUAL | INFO | pct_var_coarse=19.9937% | Pi_at_tau15=16630.2700, Pi_at_tau19=15344.2592, Pi_at_tau25=13593.3727 | chi_N_at_fold=5014.5563, W_at_fold=3.059944 | van_hove_qualify=False | tau_argmax_chi=0.2800, tau_argmin_chi=0.1000 | n_interior_extrema=0 | 4-tuple=(Pi_at_fold=15344.2592,scheme=zeta,convention=S73B-Jensen-canonical,L_max=3) | classification=GEOMETRIC | interpretation=chi_N * W varies 19.994% in [5.0%, 20.0%] -- partial Ward signature | sha256=29cf5d9974abe1ab | agent=gen-physicist | script=s80_chi_N_ward_dual.py

==============================================================================
S80 W1-5 CHI-N-WARD-DUAL COMPLETE
==============================================================================
