=== S91-W1-14-WODZICKI-BCS-BRIDGE-THEOREM-STAGE-1-CANDIDATE-REGISTRY-LANDING ===
sole-writer: mack-cosmic-bridge
substrate-physics co-author cross-citation: volovik-superfluid-universe-theorist
slot allocated: §VII.BA (next-free-letter after AX/AY/AZ; plan named §VII.AX but that slot is occupied)

--- Step A: Numerical Wodzicki residue at L_max=12 ---
  Res_W(D_K^(-2s))|_(s=2) at L_max=12 = 1.7498119758e+05
  xi_W(s=2) = Gamma(2) = 1.0 [closed-form sanity]
  sectors used: 90; total eigenvalues: 166896
  |lambda|_min, |lambda|_max: 8.197411e-01, 5.418937e+00

--- Step B: F-functor image vs Δ_BCS canonical (Level-3 anchor) ---
  Delta_BCS_canonical = 0.4642547395 (M_KK units; R-PROTECTED S70/S74)
  |Res_W - Delta_BCS| = 1.7498073332e+05
  Level-3 relative deviation = 3.7690672478e+05
  STAGE-1 floor (Field 9 (d)): 1.00e-01
  INFO band: 1.00e-01 <= Delta_emp < 5.00e-01

--- Step C: HIT axis (iii) distinctness verification ---
  Wodzicki != HKR? True
  Wodzicki != K-theory boundary? True
  Wodzicki != Connes-Karoubi pairing? True
  HIT axis (iii) distinctness PASS: True
  HIT K-counter advancement: K=1 -> K=2

--- Step D: Pre-edit input-pin SHA computation ---
  cache SHA-256:                 9e6d9cf7fd6a6949d622441b26fb9c2fa568654a22dc802e99898c326ca0f8d9
  canonical_constants SHA-256:   af3b39ba2c95cce81f9b2b8de3c9abc9e685068fa19c38ede3dd2b12ce3cf5bb
  pre-edit registry SHA-256:     b1256b55cf09e9f723af97c2c4fbf607207ee64591711bf61695f614ebb400df
  plan SHA-256:                  4251917cc55433e8fc11ca190fcd830c79de799123d813feef1581410e88aaa0
  cross-pillar-bridge SHA-256:   b1ac42dfbb4fc4ebbf41bac4fe86a5cba13d764ce10a05a4b9c3611a45d1d90b
  registry-landing SHA-256:      1ae3672389d128d2fd9b130f2639f4c0dea75a798207f71310524844e999664a
  joint-theorem-promotion SHA:   cb0fab9221a1bb2175781e39980c7d995afad392d2a8e86a4f3ea5fdc9ac3c7a
  phononic-framing SHA-256:      2ffe3f25f2d608ed0a847d6e7e1d55735dcbf97153ffe749a55dd1754903fdc6
  epistemic-discipline SHA-256:  7ed29ff520b46be91de1ebe16593a44d980a50d38e6dbc9f6dc400c36cb15b6a
  regulator-pin-discipline SHA:  2e7aeb817c288a1df945d2c421c6bfe09eba6bc3ca1aba16d33c2510d4a75dc9
  volovik k-floor memory SHA:    b58d519a20c2c2078a5ffe4453c2308d11b2bc2f60ecb212609d21f44d42a588

--- Step E: Build promotion text in memory ---
  Promotion text length: 27229 bytes

--- Step F: Pre-flight slot-collision check ---
  slot §VII.BA confirmed FREE for Wodzicki-BCS landing.

--- Step G: Atomic append + fsync ---
  Atomic append + fsync complete to C:\sandbox\Ainulindale Exflation\sessions\permanent-results-registry.md

--- Step H: Re-read + verify section landed ---
  Re-read post-edit content SHA-256: 8f418a0c98d15e0609142ba907bb91de5a4607eed3b6e63bad915964717f0b84
  Section landed verification: PASS

--- Step I: Compute audit_sha256 (closure over input-pin map) ---
  audit_sha256: fe8e0a65b1c1d06d1ac61aadb6414cca61e80834a558cbf5b57a019ea4a0df27

--- Step J: PASS/FAIL/INFO composite collapse ---
  (a) registry slot allocated + populated: True
  (b) Element 2 OE-form (int + Tr + P_BdG): True
  (c) HIT axis (iii) distinct bridge-map class: True
  (d) Level-3 anchor PASS  (delta < 1e-1):  False
  (d) Level-3 anchor INFO  (1e-1 <= d < 5e-1): False
  (d) Level-3 anchor FAIL  (d >= 5e-1):     True
  (e) single-shot AFTER-pattern compliance: True
  composite verdict: FAIL
  3-tuple: sign=PASS magnitude=FAIL regime=VALID

--- Step L: Emit verdict line (single-shot AFTER-pattern) ---
  Verdict emitted: FAIL
  audit_sha256: fe8e0a65b1c1d06d1ac61aadb6414cca61e80834a558cbf5b57a019ea4a0df27
  content_sha256: 8f418a0c98d15e0609142ba907bb91de5a4607eed3b6e63bad915964717f0b84

--- Step M: Save .npz diagnostic snapshot ---
  npz saved to C:\sandbox\Ainulindale Exflation\computations\session-91\s91_w9_cf_w1_14_wodzicki_bcs_stage_1_candidate.npz

=== S91-W1-14-WODZICKI-BCS-BRIDGE-THEOREM-STAGE-1-CANDIDATE-REGISTRY-LANDING: FAIL ===
