=== S100b-SELECTION-FUNCTION-FLOOR — input SHA-256 pins ===
  computations/_shared/canonical_constants.py: a13dddb1365b35f2... 
  computations/_shared/s100b_selection_fold.py: abd5dea36ea98908... 
  downloads/research-sweep-s99/jwst-lrd/04_Rinaldi_Selection-Strategies-Shape-LRD-Evolution.pdf: e392aad4125b18d6... MATCH plan pin
  downloads/research-sweep-s99/jwst-lrd/00-INDEX.md: 246bb0c6ff4d4c78... MATCH plan pin
  sessions/session-99/session-99-litrev-jwst-lrd-little-red-dots.md: 884f99606ba951fa... MATCH plan pin
  sessions/session-99/session-99-litrev-jwst-lrd-mack.md: e83c2a0f42f71de9... MATCH plan pin
  computations/session-43/s43_lrd_clustering.py: 842d8711340d6798... MATCH plan pin
  computations/session-100b/_s100b_w7_rinaldi_text.txt: e0a54c339c24daec... 
  audit_sha256:   9935d01ce452b871... (script+wrapper+canonical+pinmap+machinery)
  content_sha256: 921f6c36c3c217ad... (script only)

=== extraction (fetched text only; feedback_research-corpus) ===
  inclusive counts: GOODS-S=598 (of 304366), GOODS-N=218 (of 181144)
  areas: total=349.6 = 210.44 + 139.16 arcmin^2
  main sample: 220 + 101 = 321; census: 321 + 91 = 412
  classic-cut (F277W-F444W > 1.5 mag) mentions: 7
  <=25% capture attestations (context-filtered): 3 (lesssim-25% literal: 3)
  55% [0.5,1]-mag bin recovered: True
  z~2-4.5 classic-cut-within-primary yields-no-sources: True
  inclusive n(z) bins recovered: 4
    z 2.0-4.5: (2.820e-05 +- 1.610e-05) cMpc^-3
    z 4.5-6.5: (1.160e-04 +- 4.100e-05) cMpc^-3
    z 6.5-8.5: (5.990e-05 +- 2.190e-05) cMpc^-3
    z 8.5-10.5: (3.180e-05 +- 1.280e-05) cMpc^-3
  classic-subsample-count TIGHT candidates: 0 (admissible: 0)
  classic-subsample-count LOOSE candidates (diagnostic): 0

=== cross-checks ===
  CC1_roundtrip: True
  CC2_widening: True
  CC3_census_arithmetic: True
  CC4_plan_pin_match: True
  CC5_fold_thins: True
  CC6_band_order: True
  CC7_attestation: True
  roundtrip_max_resid = 0.000e+00
  W_floor = 4.000000; widening_dex = 0.602060 (threshold >= 0.602)

npz written: s100b_w7_selection_function_floor.npz
plot written: s100b_w7_selection_function_floor.png

(value='EXTRACTION-LIMITED-BOUND-FORM_declared-pin-gap;counts=598+218=816_plan-match=True;main=321_census=412_area=349.6arcmin2;classic_cut=F277W-F444W_gt1.5mag_mentions=7;le25_attest=3;classic_subsample_count=ABSENT-IN-FETCHED-TEXT_tight=0_of_0;capture_wrapper=NaN_noncircular-not-evaluable;capture_published=0.25;S_band=[0.25,1.0];W_floor=4.000;widening_dex=0.60206_ge_0.602;roundtrip_resid=0.0e+00;zgrid=101pts_[3.0,13.0]_f_used=1.00;lowz_nosources=True;n_inclusive=2.82e-05@z2.0-4.5;1.16e-04@z4.5-6.5;5.99e-05@z6.5-8.5;3.18e-05@z8.5-10.5;wrapper+npz+plot=LANDED_downstream=flat-floor-band', scheme=SELECTION-FOLD-RINALDI, convention=CAPTURE-FRACTION-MULTIPLICATIVE, L_max=N/A)
<<<EMIT_VERDICT_PAYLOAD>>>
{"audit_sha256":"9935d01ce452b871a30305ddfc7e1fb894942a3afb983c1717a06b904fd002b4","companion_note":"EXTRACTION-LIMITED pre-registered INFO branch: bound-form floor S<=0.25 (3 capture-context attestations in fetched text); flat-floor band landed for downstream; re-verification flagged (per-z S_i(z) + classic-cut count = figure-only data)","content_sha256":"921f6c36c3c217ad6f381e3bf47b7dd444e745f273615047061c6825c1b17a4e","convention":"CAPTURE-FRACTION-MULTIPLICATIVE","extra_rows":["# S_capture_floor_LRD_classic=0.25 promoted to canonical_constants.py (SECTION E) with PROVENANCE; source=Rinaldi arXiv 2604.07138 PDF sha e392aad4125b18d6 # S100b-SELECTION-FUNCTION-FLOOR canonical-promotion row","# extraction recovered (fetched text only): classic cut F277W-F444W>1.5mag (Akins/Barro); inclusive n(z) cMpc^-3 MUV<=-18.5: 2.82e-5(z2-4.5) 1.16e-4(z4.5-6.5) 5.99e-5(z6.5-8.5) 3.18e-5(z8.5-10.5); z2-4.5 classic-cut-within-primary yields NO sources (S->0 diagnostic, band NOT modified) # S100b-SELECTION-FUNCTION-FLOOR extraction-detail row","# downstream consumption: W7-2 C2b (SOFT) + W7-3 (HARD) load s100b_w7_selection_function_floor.npz via s100b_selection_fold.load_band_npz; use S_band/W_z arrays, NEVER capture_wrapper(NaN); wall law LRD_demographics_not_discriminating (z<1e28) \u2014 consistency infrastructure only # S100b-SELECTION-FUNCTION-FLOOR consumer row"],"gate_id":"S100b-SELECTION-FUNCTION-FLOOR","l_max":"N/A","magnitude_verdict":"INFO","regime_verdict":"VALID","schema_version":"S84+","scheme":"SELECTION-FOLD-RINALDI","session":"100b","sign_verdict":"PASS","value":"EXTRACTION-LIMITED-BOUND-FORM_declared-pin-gap;counts=598+218=816_plan-match=True;main=321_census=412_area=349.6arcmin2;classic_cut=F277W-F444W_gt1.5mag_mentions=7;le25_attest=3;classic_subsample_count=ABSENT-IN-FETCHED-TEXT_tight=0_of_0;capture_wrapper=NaN_noncircular-not-evaluable;capture_published=0.25;S_band=[0.25,1.0];W_floor=4.000;widening_dex=0.60206_ge_0.602;roundtrip_resid=0.0e+00;zgrid=101pts_[3.0,13.0]_f_used=1.00;lowz_nosources=True;n_inclusive=2.82e-05@z2.0-4.5;1.16e-04@z4.5-6.5;5.99e-05@z6.5-8.5;3.18e-05@z8.5-10.5;wrapper+npz+plot=LANDED_downstream=flat-floor-band","verdict":"INFO"}
<<<END_EMIT_VERDICT_PAYLOAD>>>

=== S100b-SELECTION-FUNCTION-FLOOR: INFO (3-tuple PASS/INFO/VALID; wall 0.3s) ===
