==============================================================================
S82 W1-4: CHI-N-WARD-DUAL (rank-2 spectral-measure functional)
==============================================================================
[SEC 0] Input SHA-256 pins
  canonical_constants.py           sha256=d934ce9d5d522183...972e8c3c
  tier1_dirac_spectrum.py          sha256=eee1b6fdcbb86847...f4ff163f
  s80_chi_N_ward_dual.py           sha256=e97b5ba4ea8a5436...b3c3e780
  s80_chi_N_ward_dual.npz          sha256=566f357c2f4fb14c...b3bda476

  Canonical anchors (imported):
    tau_fold    = 0.19
    a0_fold     = 6440.0
    a2_fold     = 2776.1653888633655
    a4_fold     = 1350.7216415169728
    g_U1_fold^2 = 4.386853768302675

[SEC 1] Configuration (machinery pin, PRDR)
  L_max (max_pq_sum)    = 3
  Eigenvalue cutoff     = 0.01
  Coarse tau grid       = [0.15 0.19 0.25]
  Fine tau grid         = [0.1  0.12 0.14 0.16 0.18 0.2  0.22 0.24 0.26 0.28]
  Union grid size       = 13
  PASS threshold        = 5.0% variation
  INFO threshold        = 20.0% variation

[SEC 2] BUILD SU(3) INFRASTRUCTURE
  8 su(3) anti-Hermitian generators, structure constants, Clifford-8 built.

[SEC 3] TAU SWEEP: compute a_0, a_2, a_4 at each tau
  [ 1/13] tau=0.1000: a0=6440.0, a2=2836.810, a4=1392.8351, n_evals=1232, dt=0.2s
  [ 2/13] tau=0.1200: a0=6440.0, a2=2826.524, a4=1385.7081, n_evals=1232, dt=0.2s
  [ 3/13] tau=0.1400: a0=6440.0, a2=2814.396, a4=1377.2940, n_evals=1232, dt=0.2s
  [ 4/13] tau=0.1500: a0=6440.0, a2=2807.648, a4=1372.6081, n_evals=1232, dt=0.2s
  [ 5/13] tau=0.1600: a0=6440.0, a2=2800.447, a4=1367.6056, n_evals=1232, dt=0.2s
  [ 6/13] tau=0.1800: a0=6440.0, a2=2784.702, a4=1356.6598, n_evals=1232, dt=0.2s
  [ 7/13] tau=0.1900: a0=6440.0, a2=2776.165, a4=1350.7216, n_evals=1232, dt=0.2s
  [ 8/13] tau=0.2000: a0=6440.0, a2=2767.191, a4=1344.4772, n_evals=1232, dt=0.2s
  [ 9/13] tau=0.2200: a0=6440.0, a2=2747.949, a4=1331.0826, n_evals=1232, dt=0.2s
  [10/13] tau=0.2400: a0=6440.0, a2=2727.013, a4=1316.5043, n_evals=1232, dt=0.2s
  [11/13] tau=0.2500: a0=6440.0, a2=2715.923, a4=1308.7812, n_evals=1232, dt=0.2s
  [12/13] tau=0.2600: a0=6440.0, a2=2704.427, a4=1300.7744, n_evals=1232, dt=0.2s
  [13/13] tau=0.2800: a0=6440.0, a2=2680.238, a4=1283.9283, n_evals=1232, dt=0.3s
  Total sweep time: 2.9s

[SEC 4] CANONICAL ANCHOR VERIFICATION (tau=0.19)
  a_0 computed = 6440.000   canonical = 6440.000   drift = +0.000%
  a_2 computed = 2776.165   canonical = 2776.165   drift = -0.000%
  a_4 computed = 1350.722   canonical = 1350.722   drift = -0.000%

[SEC 5] chi_N(tau) = a_0 - a_2 + a_4 (spectral Euler-characteristic)
  chi_N at tau_fold = 5014.5563

[SEC 6] W(tau) = g_U1(tau)^2 * sqrt(a_4/a_2)
  W at tau_fold = 3.059944

[SEC 7] Pi(tau) = chi_N(tau) * W(tau)
  Pi at tau_fold = 15344.2592

[SEC 8] tau-table: chi_N, W, Pi (all grid points)
     tau |        a_0 |        a_2 |        a_4 |        chi_N |           W |            Pi
  ------------------------------------------------------------------------------------------
  0.1000 |   6440.000 |   2836.810 |  1392.8351 |    4996.0254 |    3.680111 |    18385.9279
  0.1200 |   6440.000 |   2826.524 |  1385.7081 |    4999.1840 |    3.533165 |    17662.9420
  0.1400 |   6440.000 |   2814.396 |  1377.2940 |    5002.8977 |    3.391590 |    16967.7762
  0.1500 |   6440.000 |   2807.648 |  1372.6081 |    5004.9602 |    3.322758 |    16630.2700
  0.1600 |   6440.000 |   2800.447 |  1367.6056 |    5007.1584 |    3.255199 |    16299.2979
  0.1800 |   6440.000 |   2784.702 |  1356.6598 |    5011.9576 |    3.123814 |    15656.4224
  0.1900 |   6440.000 |   2776.165 |  1350.7216 |    5014.5563 |    3.059944 |    15344.2592  <-- fold
  0.2000 |   6440.000 |   2767.191 |  1344.4772 |    5017.2861 |    2.997260 |    15038.1106
  0.2200 |   6440.000 |   2747.949 |  1331.0826 |    5023.1341 |    2.875370 |    14443.3676
  0.2400 |   6440.000 |   2727.013 |  1316.5043 |    5029.4914 |    2.757981 |    13871.2411
  0.2500 |   6440.000 |   2715.923 |  1308.7812 |    5032.8577 |    2.700925 |    13593.3727
  0.2600 |   6440.000 |   2704.427 |  1300.7744 |    5036.3473 |    2.644937 |    13320.8197
  0.2800 |   6440.000 |   2680.238 |  1283.9283 |    5043.6908 |    2.536086 |    12791.2313

[SEC 9] PRE-REGISTERED GATE TEST (tau in {0.15, 0.19, 0.25})
     tau |        chi_N |           W |            Pi
  ----------------------------------------------------
  0.1500 |    5004.9602 |    3.322758 |    16630.2700
  0.1900 |    5014.5563 |    3.059944 |    15344.2592
  0.2500 |    5032.8577 |    2.700925 |    13593.3727

  max(Pi)   = 16630.2700
  min(Pi)   = 13593.3727
  mean(Pi)  = 15189.3006
  pct_var   = (max-min)/mean = 19.9937%

  [diagnostic] Pi(0.25) - Pi(0.15) = -3036.8973  => Pi is DECREASING across coarse grid
  (direction is diagnostic only; gate tests variance, not sign)

  VERDICT: INFO
  chi_N*W varies 19.994% across coarse grid (in [5.0%, 20.0%)) -- partial Ward signature; fallback status indeterminate.

[SEC 10] DIAGNOSTIC: fine-grid van-Hove check (NOT gate input)
  Interior extrema on fine grid: 0
  Van-Hove qualification (interior extremum within |dtau|<=0.02 of fold): False

[SEC 11] Closure SHA-256 and 4-tuple emit
  Closure SHA-256: c9d8bb276803c3702acbcb09d40d3ebe6bdd26c9529dc9c2c2d62a49e3380f48
  4-TUPLE: (value=19.9937%, scheme=WARD-DUAL, convention=EUCLIDEAN, L_max=3)

[SEC 12] Save outputs
  Saved: C:\sandbox\Ainulindale Exflation\tier0-computation\s82_w1_4_chi_n_ward_dual.npz
[SEC 13] Plot
  Saved: C:\sandbox\Ainulindale Exflation\tier0-computation\s82_w1_4_chi_n_ward_dual.png
[SEC 14] Append verdict to s82_gate_verdicts.txt
  Appended to: C:\sandbox\Ainulindale Exflation\tier0-computation\s82_gate_verdicts.txt
  Line: S82-CHI-N-WARD-DUAL: INFO -- value=19.9937 scheme=WARD-DUAL convention=EUCLIDEAN L_max=3 sha256=c9d8bb276803c3702acbcb09d40d3ebe6bdd26c9529dc9c2c2d62a49e3380f48

==============================================================================
S82-CHI-N-WARD-DUAL INFO
FINAL 4-TUPLE: (value=19.9937%, scheme=WARD-DUAL, convention=EUCLIDEAN, L_max=3)
==============================================================================
